// Jest Snapshot v1, https://goo.gl/fbAQLP

exports[`Jest Snapshot testing suite Matches DOM Snapshot 1`] = `
<div
  className="home-container"
>
  <h2
    className="home-title"
  >
    Welcome to our page!
  </h2>
  <p
    className="home-text"
  >
    Lorem ipsum dolor sit amet, consectetur adipiscing elit. Aenean eu feugiat ex, et fermentum ipsum. Vestibulum ultrices dapibus enim egestas dictum. Suspendisse facilisis, purus et finibus tincidunt, nulla nulla eleifend mi, sit amet ullamcorper tellus ipsum in mi. Fusce imperdiet, augue nec iaculis congue, est mi accumsan elit, eget hendrerit risus leo a mauris. Donec id pretium eros, nec gravida metus. Vestibulum commodo turpis vel porta efficitur. Sed commodo, metus ut interdum euismod, nulla massa tempor mi, et suscipit mi quam vitae eros. Morbi nec lorem eget tortor tincidunt convallis. In tristique eleifend mauris ac maximus. Sed ut ultricies sapien, vitae fringilla eros.
    <br />
    <br />
    Lorem ipsum dolor sit amet, consectetur adipiscing elit. Aenean eu feugiat ex, et fermentum ipsum. Vestibulum ultrices dapibus enim egestas dictum. Suspendisse facilisis, purus et finibus tincidunt, nulla nulla eleifend mi, sit amet ullamcorper tellus ipsum in mi. Fusce imperdiet, augue nec iaculis congue, est mi accumsan elit, eget hendrerit risus leo a mauris. Donec id pretium eros, nec gravida metus.
  </p>
</div>
`;

exports[`Jest Snapshot testing suite Matches DOM Snapshot 2`] = `
<div
  className="home-container"
>
  <h2
    className="home-title"
  >
    Welcome to our page!
  </h2>
  <p
    className="home-text"
  >
    Lorem ipsum dolor sit amet, consectetur adipiscing elit. Aenean eu feugiat ex, et fermentum ipsum. Vestibulum ultrices dapibus enim egestas dictum. Suspendisse facilisis, purus et finibus tincidunt, nulla nulla eleifend mi, sit amet ullamcorper tellus ipsum in mi. Fusce imperdiet, augue nec iaculis congue, est mi accumsan elit, eget hendrerit risus leo a mauris. Donec id pretium eros, nec gravida metus. Vestibulum commodo turpis vel porta efficitur. Sed commodo, metus ut interdum euismod, nulla massa tempor mi, et suscipit mi quam vitae eros. Morbi nec lorem eget tortor tincidunt convallis. In tristique eleifend mauris ac maximus. Sed ut ultricies sapien, vitae fringilla eros.
    <br />
    <br />
    Lorem ipsum dolor sit amet, consectetur adipiscing elit. Aenean eu feugiat ex, et fermentum ipsum. Vestibulum ultrices dapibus enim egestas dictum. Suspendisse facilisis, purus et finibus tincidunt, nulla nulla eleifend mi, sit amet ullamcorper tellus ipsum in mi. Fusce imperdiet, augue nec iaculis congue, est mi accumsan elit, eget hendrerit risus leo a mauris. Donec id pretium eros, nec gravida metus.
  </p>
</div>
`;
